// Jest Snapshot v1, https://goo.gl/fbAQLP

exports[`NoteForm Component matches the snapshot 1`] = `
<DocumentFragment>
  <form
    class="css-1uqcufy"
  >
    <div
      class="MuiFormControl-root MuiFormControl-fullWidth MuiTextField-root css-wb57ya-MuiFormControl-root-MuiTextField-root"
    >
      <label
        class="MuiFormLabel-root MuiInputLabel-root MuiInputLabel-formControl MuiInputLabel-animated MuiInputLabel-sizeMedium MuiInputLabel-outlined MuiFormLabel-colorPrimary MuiInputLabel-root MuiInputLabel-formControl MuiInputLabel-animated MuiInputLabel-sizeMedium MuiInputLabel-outlined css-14s5rfu-MuiFormLabel-root-MuiInputLabel-root"
        data-shrink="false"
        for=":re:"
        id=":re:-label"
      >
        Title
      </label>
      <div
        class="MuiInputBase-root MuiOutlinedInput-root MuiInputBase-colorPrimary MuiInputBase-fullWidth MuiInputBase-formControl css-md26zr-MuiInputBase-root-MuiOutlinedInput-root"
      >
        <input
          aria-invalid="false"
          class="MuiInputBase-input MuiOutlinedInput-input css-1t8l2tu-MuiInputBase-input-MuiOutlinedInput-input"
          id=":re:"
          type="text"
          value=""
        />
        <fieldset
          aria-hidden="true"
          class="MuiOutlinedInput-notchedOutline css-1d3z3hw-MuiOutlinedInput-notchedOutline"
        >
          <legend
            class="css-yjsfm1"
          >
            <span>
              Title
            </span>
          </legend>
        </fieldset>
      </div>
    </div>
    <div
      class="MuiFormControl-root MuiFormControl-fullWidth MuiTextField-root css-wb57ya-MuiFormControl-root-MuiTextField-root"
    >
      <label
        class="MuiFormLabel-root MuiInputLabel-root MuiInputLabel-formControl MuiInputLabel-animated MuiInputLabel-sizeMedium MuiInputLabel-outlined MuiFormLabel-colorPrimary MuiInputLabel-root MuiInputLabel-formControl MuiInputLabel-animated MuiInputLabel-sizeMedium MuiInputLabel-outlined css-14s5rfu-MuiFormLabel-root-MuiInputLabel-root"
        data-shrink="false"
        for=":rf:"
        id=":rf:-label"
      >
        Content
      </label>
      <div
        class="MuiInputBase-root MuiOutlinedInput-root MuiInputBase-colorPrimary MuiInputBase-fullWidth MuiInputBase-formControl MuiInputBase-multiline css-8ewcdo-MuiInputBase-root-MuiOutlinedInput-root"
      >
        <textarea
          aria-invalid="false"
          class="MuiInputBase-input MuiOutlinedInput-input MuiInputBase-inputMultiline css-1sqnrkk-MuiInputBase-input-MuiOutlinedInput-input"
          id=":rf:"
          rows="4"
          style="height: 0px; overflow: hidden;"
        />
        <textarea
          aria-hidden="true"
          class="MuiInputBase-input MuiOutlinedInput-input MuiInputBase-inputMultiline css-1sqnrkk-MuiInputBase-input-MuiOutlinedInput-input"
          readonly=""
          style="visibility: hidden; position: absolute; overflow: hidden; height: 0px; top: 0px; left: 0px; transform: translateZ(0); padding-top: 0px; padding-bottom: 0px; width: 100%;"
          tabindex="-1"
        />
        <fieldset
          aria-hidden="true"
          class="MuiOutlinedInput-notchedOutline css-1d3z3hw-MuiOutlinedInput-notchedOutline"
        >
          <legend
            class="css-yjsfm1"
          >
            <span>
              Content
            </span>
          </legend>
        </fieldset>
      </div>
    </div>
    <button
      class="MuiButtonBase-root MuiButton-root MuiButton-contained MuiButton-containedPrimary MuiButton-sizeMedium MuiButton-containedSizeMedium MuiButton-colorPrimary MuiButton-root MuiButton-contained MuiButton-containedPrimary MuiButton-sizeMedium MuiButton-containedSizeMedium MuiButton-colorPrimary css-sghohy-MuiButtonBase-root-MuiButton-root"
      tabindex="0"
      type="submit"
    >
      Save Note
      <span
        class="MuiTouchRipple-root css-8je8zh-MuiTouchRipple-root"
      />
    </button>
  </form>
</DocumentFragment>
`;
